// Jest Snapshot v1, https://goo.gl/fbAQLP

exports[`renders the edit item dialog when appropriate 1`] = `"( Edit Item Component Here )"`;

exports[`renders the empty mini cart when appropriate 1`] = `"( Empty Mini Cart Component Here )"`;

exports[`renders the loading indicator when appropriate 1`] = `"( Loading Indicator Component Here )"`;

exports[`renders the product list when appropriate 1`] = `
<div>
  ( Product List Component Here )
</div>
`;
