// Jest Snapshot v1, https://goo.gl/fbAQLP

exports[`renders totals summary and checkout components 1`] = `
<div>
  ( Totals Summary Component Here )
  ( Checkout Component Here )
</div>
`;

exports[`returns null when cart is editing item 1`] = `null`;

exports[`returns null when cart is empty 1`] = `null`;

exports[`returns null when cart is loading 1`] = `null`;
