// Jest Snapshot v1, https://goo.gl/fbAQLP

exports[`it renders the shared Mask component 1`] = `"( Shared Mask Component Here )"`;
