// Jest Snapshot v1, https://goo.gl/fbAQLP

exports[`renders correctly 1`] = `
<aside>
  ( Header Component Here )
  ( Body Component Here )
  ( Footer Component Here )
</aside>
`;
