// Jest Snapshot v1, https://goo.gl/fbAQLP

exports[`renders a list of Products when items are supplied 1`] = `
<ul>
  ( Product Component Here )
  ( Product Component Here )
</ul>
`;

exports[`renders a list with no items when items are not supplied 1`] = `<ul />`;
