// Jest Snapshot v1, https://goo.gl/fbAQLP

exports[`renders totals summary and checkout components 1`] = `
<div>
  ( Totals Summary Component Here )
  ( Checkout Component Here )
</div>
`;
